
> web@ build D:\Projects\AI\smart-document-reader\apps\web
> next build --webpack

▲ Next.js 16.2.6 (webpack)

  Creating an optimized production build ...
✓ Compiled successfully in 1014ms
  Running TypeScript ...
  Finished TypeScript in 1364ms ...
  Collecting page data using 5 workers ...
  Generating static pages using 5 workers (0/4) ...
  Generating static pages using 5 workers (1/4) 
  Generating static pages using 5 workers (2/4) 
  Generating static pages using 5 workers (3/4) 
✓ Generating static pages using 5 workers (4/4) in 401ms
  Finalizing page optimization ...
  Collecting build traces ...

Route (app)
┌ ○ /
├ ○ /_not-found
└ ○ /documents


○  (Static)  prerendered as static content

